[2026-03-04 22:52:33,325] WARNING smoke_resnet50_local_multi_attack_erm: Failed to initialize cuda (Torch not compiled with CUDA enabled). Falling back to cpu.
/Users/kiet-na/Documents/HCMUT/252/HK252-CO4337-DATN/.venv/lib/python3.14/site-packages/torchvision/datasets/cifar.py:83: VisibleDeprecationWarning: dtype(): align should be passed as Python or NumPy boolean but got `align=0`. Did you mean to pass a tuple to create a subarray type? (Deprecated NumPy 2.4)
  entry = pickle.load(f, encoding="latin1")
[2026-03-04 22:52:34,786] INFO smoke_resnet50_local_multi_attack_erm: Starting epoch 1
[2026-03-04 22:52:42,864] INFO smoke_resnet50_local_multi_attack_erm: step=1 metrics={'train_batch/loss': 2.3622543811798096, 'train_batch/acc': 0.203125, 'train_batch/lr': 0.1, 'train_batch/domain_name': 'clean'}
[2026-03-04 22:52:45,612] INFO smoke_resnet50_local_multi_attack_erm: step=2 metrics={'train_batch/loss': 16.42173194885254, 'train_batch/acc': 0.140625, 'train_batch/lr': 0.1, 'train_batch/domain_name': 'clean'}
[2026-03-04 22:52:52,278] INFO smoke_resnet50_local_multi_attack_erm: step=3 metrics={'train_batch/loss': 42.30770492553711, 'train_batch/acc': 0.078125, 'train_batch/lr': 0.1, 'train_batch/domain_name': 'pgd_ce'}
[2026-03-04 22:52:56,916] INFO smoke_resnet50_local_multi_attack_erm: step=4 metrics={'train_batch/loss': 39.35763168334961, 'train_batch/acc': 0.109375, 'train_batch/lr': 0.1, 'train_batch/domain_name': 'fgsm_rs'}
[2026-03-04 22:53:01,603] INFO smoke_resnet50_local_multi_attack_erm: step=5 metrics={'train_batch/loss': 46.11335754394531, 'train_batch/acc': 0.09375, 'train_batch/lr': 0.1, 'train_batch/domain_name': 'fgsm_rs'}
[2026-03-04 22:53:06,324] INFO smoke_resnet50_local_multi_attack_erm: step=6 metrics={'train_batch/loss': 26.691364288330078, 'train_batch/acc': 0.09375, 'train_batch/lr': 0.1, 'train_batch/domain_name': 'fgsm_rs'}
[2026-03-04 22:53:08,928] INFO smoke_resnet50_local_multi_attack_erm: step=7 metrics={'train_batch/loss': 26.894733428955078, 'train_batch/acc': 0.078125, 'train_batch/lr': 0.1, 'train_batch/domain_name': 'clean'}
[2026-03-04 22:53:11,494] INFO smoke_resnet50_local_multi_attack_erm: step=8 metrics={'train_batch/loss': 24.18524932861328, 'train_batch/acc': 0.140625, 'train_batch/lr': 0.1, 'train_batch/domain_name': 'clean'}
[2026-03-04 22:53:31,502] INFO smoke_resnet50_local_multi_attack_erm: step=8 metrics={'train/loss': 28.041753441095352, 'train/acc': 0.1171875, 'train/lr': 0.1, 'train/domain_name': 'clean', 'train/domain_count/clean': 256.0, 'train/domain_count/pgd_ce': 64.0, 'train/domain_count/fgsm_rs': 192.0, 'train/time_sec': 56.71529641700181, 'train/device': 'cpu'}
[2026-03-04 22:54:28,621] INFO smoke_resnet50_local_multi_attack_erm: step=8 metrics={'val/loss': 46384005120.0, 'val/acc': 0.1171875, 'val/pgd20_probe_loss': 57943543808.0, 'val/pgd20_probe_acc': 0.1171875, 'val/device': 'cpu'}
[2026-03-04 22:54:28,900] INFO smoke_resnet50_local_multi_attack_erm: Finished epoch 1 in 56.72s
[2026-03-04 22:54:28,900] INFO smoke_resnet50_local_multi_attack_erm: Starting epoch 2
[2026-03-04 22:54:41,425] INFO smoke_resnet50_local_multi_attack_erm: step=9 metrics={'train_batch/loss': 24.774215698242188, 'train_batch/acc': 0.15625, 'train_batch/lr': 0.05, 'train_batch/domain_name': 'pgd_dlr'}
[2026-03-04 22:54:43,999] INFO smoke_resnet50_local_multi_attack_erm: step=10 metrics={'train_batch/loss': 20.201416015625, 'train_batch/acc': 0.125, 'train_batch/lr': 0.05, 'train_batch/domain_name': 'clean'}
[2026-03-04 22:54:46,486] INFO smoke_resnet50_local_multi_attack_erm: step=11 metrics={'train_batch/loss': 8.279648780822754, 'train_batch/acc': 0.15625, 'train_batch/lr': 0.05, 'train_batch/domain_name': 'clean'}
[2026-03-04 22:54:48,984] INFO smoke_resnet50_local_multi_attack_erm: step=12 metrics={'train_batch/loss': 24.322290420532227, 'train_batch/acc': 0.078125, 'train_batch/lr': 0.05, 'train_batch/domain_name': 'clean'}
[2026-03-04 22:54:53,505] INFO smoke_resnet50_local_multi_attack_erm: step=13 metrics={'train_batch/loss': 18.747936248779297, 'train_batch/acc': 0.15625, 'train_batch/lr': 0.05, 'train_batch/domain_name': 'fgsm_rs'}
[2026-03-04 22:54:58,193] INFO smoke_resnet50_local_multi_attack_erm: step=14 metrics={'train_batch/loss': 6.497473239898682, 'train_batch/acc': 0.109375, 'train_batch/lr': 0.05, 'train_batch/domain_name': 'fgsm_rs'}
[2026-03-04 22:55:00,686] INFO smoke_resnet50_local_multi_attack_erm: step=15 metrics={'train_batch/loss': 3.4091694355010986, 'train_batch/acc': 0.078125, 'train_batch/lr': 0.05, 'train_batch/domain_name': 'clean'}
[2026-03-04 22:55:05,144] INFO smoke_resnet50_local_multi_attack_erm: step=16 metrics={'train_batch/loss': 12.894646644592285, 'train_batch/acc': 0.0625, 'train_batch/lr': 0.05, 'train_batch/domain_name': 'fgsm_rs'}
[2026-03-04 22:55:25,152] INFO smoke_resnet50_local_multi_attack_erm: step=16 metrics={'train/loss': 14.890849560499191, 'train/acc': 0.115234375, 'train/lr': 0.05, 'train/domain_name': 'fgsm_rs', 'train/domain_count/pgd_dlr': 64.0, 'train/domain_count/clean': 256.0, 'train/domain_count/fgsm_rs': 192.0, 'train/time_sec': 56.25112954200449, 'train/device': 'cpu'}
[2026-03-04 22:56:22,223] INFO smoke_resnet50_local_multi_attack_erm: step=16 metrics={'val/loss': 16069243.5, 'val/acc': 0.1328125, 'val/pgd20_probe_loss': 19572677.0, 'val/pgd20_probe_acc': 0.1328125, 'val/device': 'cpu'}
[2026-03-04 22:56:22,510] INFO smoke_resnet50_local_multi_attack_erm: Finished epoch 2 in 56.25s
